Microchip MPLAB XC8 Compiler V2.35

Linker command line:

-W-3 --edf=C:\Program Files\Microchip\xc8\v2.35\pic\dat\en_msgs.txt -cn \
  -h+dist/default/production\Lab3S2.X.production.sym \
  --cmf=dist/default/production\Lab3S2.X.production.cmf -z -Q16F887 \
  -oC:\Users\jorge\AppData\Local\Temp\xcAskng.4 --defsym=__MPLAB_BUILD=1 \
  -Mdist/default/production/Lab3S2.X.production.map \
  --md=C:\Users\jorge\AppData\Local\Temp\xcAskng.dat -E1 -ver=XC8 Compiler \
  --acfsm=1493 -ACODE=00h-07FFhx4 -ASTRCODE=00h-01FFFh -ASTRING=00h-0FFhx32 \
  -ACONST=00h-0FFhx32 -AENTRY=00h-0FFhx32 -ACOMMON=070h-07Fh \
  -ABANK0=020h-06Fh -ABANK1=0A0h-0EFh -ABANK2=0110h-016Fh \
  -ABANK3=0190h-01EFh -ARAM=020h-06Fh,0A0h-0EFh,0110h-016Fh,0190h-01EFh \
  -AABS1=020h-07Fh,0A0h-0EFh,0110h-016Fh,0190h-01EFh -ASFR0=00h-01Fh \
  -ASFR1=080h-09Fh -ASFR2=0100h-010Fh -ASFR3=0180h-018Fh \
  -ACONFIG=02007h-02008h -DCONFIG=2 -AIDLOC=02000h-02003h -DIDLOC=2 \
  -AEEDATA=00h-0FFh/02100h -peeprom_data=EEDATA -DEEDATA=2 -DCODE=2 \
  -DSTRCODE=2 -DSTRING=2 -DCONST=2 -DENTRY=2 \
  -preset_vec=00h,intentry=04h,init,end_init -ppowerup=CODE -pcinit=CODE \
  -pfunctab=ENTRY -k C:\Users\jorge\AppData\Local\Temp\xcAskng.o \
  dist/default/production\Lab3S2.X.production.o 

Object code version is 3.11

Machine type is 16F887



                Name                               Link     Load   Length Selector   Space Scale
C:\Users\jorge\AppData\Local\Temp\xcAskng.o
                end_init                              C        C        3        8       0
                reset_vec                             0        0        3        0       0
                config                             2007     2007        2        0       4
                idloc                              2000     2000        4        0       5
dist/default/production\Lab3S2.X.production.o
                cinit                                 F        F        7        8       0
                intentry                              4        4        8        8       0
                config                             2007     2007        2        0       4
                idloc                              2000     2000        4        0       5
                text10                              199      199        A        8       0
                text9                               1AC      1AC        7        8       0
                text8                               1A3      1A3        9        8       0
                text7                               1B3      1B3        6        8       0
                text6                                8A       8A       5E        8       0
                text5                                16       16       74        8       0
                text4                               17E      17E       1B        8       0
                text3                                E8       E8       3B        8       0
                text2                               160      160       1E        8       0
                text1                               142      142       1E        8       0
                maintext                            123      123       1F        8       0
                cstackBANK0                          20       20        5       20       1
                cstackCOMMON                         70       70        7       70       1
                bssCOMMON                            77       77        3       70       1

TOTAL           Name                               Link     Load   Length     Space
        CLASS   CODE           
                end_init                              C        C        3         0
                cinit                                 F        F        7         0
                intentry                              4        4        8         0
                reset_vec                             0        0        3         0
                text10                              199      199        A         0
                text9                               1AC      1AC        7         0
                text8                               1A3      1A3        9         0
                text7                               1B3      1B3        6         0
                text6                                8A       8A       5E         0
                text5                                16       16       74         0
                text4                               17E      17E       1B         0
                text3                                E8       E8       3B         0
                text2                               160      160       1E         0
                text1                               142      142       1E         0
                maintext                            123      123       1F         0

        CLASS   STRCODE        

        CLASS   STRING         

        CLASS   CONST          

        CLASS   ENTRY          

        CLASS   COMMON         
                cstackCOMMON                         70       70        7         1
                bssCOMMON                            77       77        3         1

        CLASS   BANK0          
                cstackBANK0                          20       20        5         1

        CLASS   BANK1          

        CLASS   BANK2          

        CLASS   BANK3          

        CLASS   RAM            

        CLASS   ABS1           
                abs_s1                               7E       7E        2         1

        CLASS   SFR0           

        CLASS   SFR1           

        CLASS   SFR2           

        CLASS   SFR3           

        CLASS   CONFIG         
                config                             2007     2007        2         4

        CLASS   IDLOC          
                idloc                              2000     2000        4         5

        CLASS   EEDATA         

        CLASS   STACK          



SEGMENTS        Name                           Load    Length   Top    Selector   Space  Class     Delta

                reset_vec                      000000  000003  000003         0       0  CODE        2
                intentry                       000004  0001B5  0001B9         8       0  CODE        2
                cstackBANK0                    000020  000005  000025        20       1  BANK0       1
                cstackCOMMON                   000070  00000A  00007A        70       1  COMMON      1


UNUSED ADDRESS RANGES

        Name                Unused          Largest block    Delta
        BANK0            0025-006F             4B           1
        BANK1            00A0-00EF             50           1
        BANK2            0110-016F             60           1
        BANK3            0190-01EF             60           1
        CODE             0003-0003              1           2
                         01B9-1FFF            800
        COMMON           007A-007D              4           1
        CONST            0003-0003              1           2
                         01B9-1FFF            100
        EEDATA           2100-21FF            100           2
        ENTRY            0003-0003              1           2
                         01B9-1FFF            100
        RAM              0025-006F             4B           1
                         00A0-00EF             50
                         0110-016F             60
                         0190-01EF             60
        SFR0             0000-001F             20           1
        SFR1             0080-009F             20           1
        SFR2             0100-010F             10           1
        SFR3             0180-018F             10           1
        STRCODE          0003-0003              1           2
                         01B9-1FFF           1E47
        STRING           0003-0003              1           2
                         01B9-1FFF            100

                                  Symbol Table

?_adc_read               cstackCOMMON 0070
_ADCON0bits              (abs)        001F
_ADCON1bits              (abs)        009F
_ADRESH                  (abs)        001E
_ADRESHS                 bssCOMMON    0079
_ADRESL                  (abs)        009E
_ADRESLS                 bssCOMMON    0078
_ANSEL                   (abs)        0188
_ANSELH                  (abs)        0189
_ENVIO                   bssCOMMON    0077
_INTCONbits              (abs)        000B
_OSCCONbits              (abs)        008F
_PIE1bits                (abs)        008C
_PIR1bits                (abs)        000C
_PORTA                   (abs)        0005
_SPI_slave               text6        008A
_SSPBUF                  (abs)        0013
_SSPCON                  (abs)        0014
_SSPSTAT                 (abs)        0094
_SSPSTATbits             (abs)        0094
_TRISAbits               (abs)        0085
_TRISC3                  (abs)        043B
_TRISC5                  (abs)        043D
__Habs1                  abs1         0000
__Hbank0                 bank0        0000
__Hbank1                 bank1        0000
__Hbank2                 bank2        0000
__Hbank3                 bank3        0000
__HbssCOMMON             bssCOMMON    0000
__Hcinit                 cinit        0016
__Hclrtext               clrtext      0000
__Hcode                  code         0000
__Hcommon                common       0000
__Hconfig                config       2009
__HcstackBANK0           cstackBANK0  0000
__HcstackCOMMON          cstackCOMMON 0000
__Heeprom_data           eeprom_data  0000
__Hend_init              end_init     000F
__Hfunctab               functab      0000
__Hidloc                 idloc        2004
__Hinit                  init         000C
__Hintentry              intentry     000C
__Hmaintext              maintext     0000
__Hpowerup               powerup      0000
__Hram                   ram          0000
__Hreset_vec             reset_vec    0003
__Hsfr0                  sfr0         0000
__Hsfr1                  sfr1         0000
__Hsfr2                  sfr2         0000
__Hsfr3                  sfr3         0000
__Hspace_0               (abs)        01B9
__Hspace_1               (abs)        007A
__Hspace_2               (abs)        0000
__Hspace_3               (abs)        0000
__Hspace_4               (abs)        4010
__Hstack                 stack        0000
__Hstrings               strings      0000
__Htext                  text         0000
__Labs1                  abs1         0000
__Lbank0                 bank0        0000
__Lbank1                 bank1        0000
__Lbank2                 bank2        0000
__Lbank3                 bank3        0000
__LbssCOMMON             bssCOMMON    0000
__Lcinit                 cinit        000F
__Lclrtext               clrtext      0000
__Lcode                  code         0000
__Lcommon                common       0000
__Lconfig                config       0000
__LcstackBANK0           cstackBANK0  0000
__LcstackCOMMON          cstackCOMMON 0000
__Leeprom_data           eeprom_data  0000
__Lend_init              end_init     000C
__Lfunctab               functab      0000
__Lidloc                 idloc        0000
__Linit                  init         000C
__Lintentry              intentry     0004
__Lmaintext              maintext     0000
__Lpowerup               powerup      0000
__Lram                   ram          0000
__Lreset_vec             reset_vec    0000
__Lsfr0                  sfr0         0000
__Lsfr1                  sfr1         0000
__Lsfr2                  sfr2         0000
__Lsfr3                  sfr3         0000
__Lspace_0               (abs)        0000
__Lspace_1               (abs)        0000
__Lspace_2               (abs)        0000
__Lspace_3               (abs)        0000
__Lspace_4               (abs)        0000
__Lstack                 stack        0000
__Lstrings               strings      0000
__Ltext                  text         0000
__S0                     (abs)        01B9
__S1                     (abs)        007A
__S3                     (abs)        0000
___int_sp                stack        0000
___latbits               (abs)        0002
___sp                    stack        0000
___stackhi               (abs)        0000
___stacklo               (abs)        0000
__end_of_SPI_slave       text6        00E8
__end_of__initialization cinit        0012
__end_of_adc_init        text5        008A
__end_of_adc_read        text10       01A3
__end_of_adc_start       text4        0199
__end_of_int_osc_MHz     text3        0123
__end_of_main            maintext     0142
__end_of_setup           text1        0160
__end_of_spiInit         text2        017E
__end_of_spiRead         text8        01AC
__end_of_spiReceiveWait  text9        01B3
__end_of_spiWrite        text7        01B9
__initialization         cinit        000F
__pbssCOMMON             bssCOMMON    0077
__pcstackBANK0           cstackBANK0  0020
__pcstackCOMMON          cstackCOMMON 0070
__pintentry              intentry     0004
__pmaintext              maintext     0123
__ptext1                 text1        0142
__ptext10                text10       0199
__ptext2                 text2        0160
__ptext3                 text3        00E8
__ptext4                 text4        017E
__ptext5                 text5        0016
__ptext6                 text6        008A
__ptext7                 text7        01B3
__ptext8                 text8        01A3
__ptext9                 text9        01AC
_adc_init                text5        0016
_adc_read                text10       0199
_adc_start               text4        017E
_int_osc_MHz             text3        00E8
_main                    maintext     0123
_setup                   text1        0142
_spiInit                 text2        0160
_spiRead                 text8        01A3
_spiReceiveWait          text9        01AC
_spiWrite                text7        01B3
adc_init@adc_cs          cstackBANK0  0024
adc_init@vref_minus      cstackBANK0  0021
adc_init@vref_plus       cstackBANK0  0020
adc_start@channel        cstackBANK0  0021
btemp                    (abs)        007E
end_of_initialization    cinit        0012
int_osc_MHz@freq         cstackBANK0  0022
interrupt_function       intentry     0004
intlevel0                functab      0000
intlevel1                functab      0000
intlevel2                functab      0000
intlevel3                functab      0000
intlevel4                functab      0000
intlevel5                functab      0000
reset_vec                reset_vec    0000
saved_w                  (abs)        007E
spiInit@sClockIdle       cstackBANK0  0021
spiInit@sDataSample      cstackBANK0  0020
spiInit@sTransmitEdge    cstackBANK0  0022
spiInit@sType            cstackBANK0  0023
spiWrite@dat             cstackCOMMON 0070
start                    init         000C
start_initialization     cinit        000F
wtemp0                   (abs)        007E


MODULE INFORMATION

Module		Function		Class		Link	Load	Size
Slave2.c
		_main          		CODE           	0123	0000	31
		_SPI_slave     		CODE           	008A	0000	94
		_setup         		CODE           	0142	0000	30

Slave2.c estimated size: 155

adc.c
		_adc_start     		CODE           	017E	0000	27
		_adc_read      		CODE           	0199	0000	10
		_adc_init      		CODE           	0016	0000	116

adc.c estimated size: 153

oscilador.c
		_int_osc_MHz   		CODE           	00E8	0000	59

oscilador.c estimated size: 59

spi.c
		_spiWrite      		CODE           	01B3	0000	6
		_spiInit       		CODE           	0160	0000	30
		_spiReceiveWait		CODE           	01AC	0000	7
		_spiRead       		CODE           	01A3	0000	9

spi.c estimated size: 52

shared
		__initialization		CODE           	000F	0000	3

shared estimated size: 3

